// Jest Snapshot v1, https://goo.gl/fbAQLP

exports[`Notes List renders correctly 1`] = `
<RCTSafeAreaView
  emulateUnlessSupported={true}
  style={
    Object {
      "flex": 1,
      "marginTop": 0,
    }
  }
  testID="list-view"
>
  <View
    style={
      Object {
        "alignItems": "center",
        "flex": 1,
        "justifyContent": "center",
      }
    }
  >
    <Text
      style={
        Object {
          "color": "#d90617",
          "fontSize": 30,
          "fontWeight": "700",
          "textAlign": "center",
        }
      }
      testID="no-notes"
    >
      No Notes available
    </Text>
  </View>
</RCTSafeAreaView>
`;
