// Jest Snapshot v1, https://goo.gl/fbAQLP

exports[`Signup Form renders correctly 1`] = `
<RCTSafeAreaView
  emulateUnlessSupported={true}
  style={
    Object {
      "backgroundColor": "black",
      "flex": 1,
    }
  }
>
  <Modal
    hardwareAccelerated={false}
    transparent={true}
    visible={false}
  >
    <View
      style={
        Object {
          "alignItems": "center",
          "flex": 1,
          "justifyContent": "center",
        }
      }
      testID="loader"
    >
      <ActivityIndicator
        animating={true}
        color="#999999"
        hidesWhenStopped={true}
        size="large"
      />
    </View>
  </Modal>
  <View
    style={
      Object {
        "marginLeft": 25,
        "marginRight": 25,
        "marginTop": 80,
      }
    }
  >
    <View>
      <TextInput
        allowFontScaling={true}
        error=""
        inputContainerStyle={
          Object {
            "borderBottomWidth": 0,
          }
        }
        onChangeText={[Function]}
        placeholder="Email"
        placeholderTextColor="#808080"
        rejectResponderTermination={true}
        style={
          Object {
            "backgroundColor": "#1e1e1d",
            "borderColor": "#FFF",
            "borderRadius": 5,
            "borderWidth": 1,
            "color": "#FFF",
            "fontSize": 18,
            "fontWeight": "500",
            "padding": 20,
          }
        }
        testID="input-email"
        underlineColorAndroid="transparent"
        value=""
      />
      <Text
        style={
          Object {
            "color": "#ff2251",
            "fontSize": 14,
            "fontWeight": "900",
            "margin": 10,
          }
        }
      >
         
        
         
      </Text>
    </View>
    <View>
      <TextInput
        allowFontScaling={true}
        error=""
        inputContainerStyle={
          Object {
            "borderBottomWidth": 0,
          }
        }
        onChangeText={[Function]}
        placeholder="UserName"
        placeholderTextColor="#808080"
        rejectResponderTermination={true}
        style={
          Object {
            "backgroundColor": "#1e1e1d",
            "borderColor": "#FFF",
            "borderRadius": 5,
            "borderWidth": 1,
            "color": "#FFF",
            "fontSize": 18,
            "fontWeight": "500",
            "padding": 20,
          }
        }
        testID="input-username"
        underlineColorAndroid="transparent"
        value=""
      />
      <Text
        style={
          Object {
            "color": "#ff2251",
            "fontSize": 14,
            "fontWeight": "900",
            "margin": 10,
          }
        }
      >
         
        
         
      </Text>
    </View>
    <View>
      <TextInput
        allowFontScaling={true}
        error=""
        inputContainerStyle={
          Object {
            "borderBottomWidth": 0,
          }
        }
        onChangeText={[Function]}
        placeholder="Password"
        placeholderTextColor="#808080"
        rejectResponderTermination={true}
        secureTextEntry={true}
        style={
          Object {
            "backgroundColor": "#1e1e1d",
            "borderColor": "#FFF",
            "borderRadius": 5,
            "borderWidth": 1,
            "color": "#FFF",
            "fontSize": 18,
            "fontWeight": "500",
            "padding": 20,
          }
        }
        testID="input-password"
        underlineColorAndroid="transparent"
        value=""
      />
      <Text
        style={
          Object {
            "color": "#ff2251",
            "fontSize": 14,
            "fontWeight": "900",
            "margin": 10,
          }
        }
      >
         
        
         
      </Text>
    </View>
    <View>
      <TextInput
        allowFontScaling={true}
        error=""
        inputContainerStyle={
          Object {
            "borderBottomWidth": 0,
          }
        }
        onChangeText={[Function]}
        placeholder="Confirm Password"
        placeholderTextColor="#808080"
        rejectResponderTermination={true}
        secureTextEntry={true}
        style={
          Object {
            "backgroundColor": "#1e1e1d",
            "borderColor": "#FFF",
            "borderRadius": 5,
            "borderWidth": 1,
            "color": "#FFF",
            "fontSize": 18,
            "fontWeight": "500",
            "padding": 20,
          }
        }
        testID="input-c-password"
        underlineColorAndroid="transparent"
        value=""
      />
      <Text
        style={
          Object {
            "color": "#ff2251",
            "fontSize": 14,
            "fontWeight": "900",
            "margin": 10,
          }
        }
      >
         
        
         
      </Text>
    </View>
    <View
      accessible={true}
      focusable={true}
      onClick={[Function]}
      onResponderGrant={[Function]}
      onResponderMove={[Function]}
      onResponderRelease={[Function]}
      onResponderTerminate={[Function]}
      onResponderTerminationRequest={[Function]}
      onStartShouldSetResponder={[Function]}
      style={
        Object {
          "backgroundColor": "#ff2251",
          "borderRadius": 10,
          "marginLeft": 10,
          "marginRight": 10,
          "marginTop": 20,
          "opacity": 1,
        }
      }
      testID="submit-button"
    >
      <Text
        style={
          Object {
            "color": "#FFF",
            "fontSize": 22,
            "fontWeight": "700",
            "paddingBottom": 10,
            "paddingLeft": 30,
            "paddingRight": 30,
            "paddingTop": 10,
            "textAlign": "center",
          }
        }
      >
        Register
      </Text>
    </View>
    <View
      style={
        Object {
          "flexDirection": "row",
          "marginTop": 20,
        }
      }
    >
      <Text
        style={
          Object {
            "color": "#fff",
            "fontSize": 16,
            "marginLeft": 10,
            "paddingBottom": 10,
            "paddingTop": 10,
          }
        }
      >
        Already a member of Notes?
      </Text>
      <Text
        accessible={true}
        focusable={true}
        onClick={[Function]}
        onResponderGrant={[Function]}
        onResponderMove={[Function]}
        onResponderRelease={[Function]}
        onResponderTerminate={[Function]}
        onResponderTerminationRequest={[Function]}
        onStartShouldSetResponder={[Function]}
        style={
          Object {
            "color": "#ff2251",
            "fontSize": 16,
            "fontWeight": "900",
            "marginLeft": 8,
            "marginRight": 10,
            "paddingBottom": 10,
            "paddingTop": 10,
          }
        }
        testID="login-button"
      >
        Login
      </Text>
    </View>
  </View>
</RCTSafeAreaView>
`;
